// Jest Snapshot v1, https://goo.gl/fbAQLP

exports[`tests on <GifGrid /> should match snapshot 1`] = `
<Fragment>
  <ul
    className="gif-grid"
  >
    <p>
      buscando gifs
    </p>
  </ul>
</Fragment>
`;

exports[`tests on <GifGrid /> should match snapshot with call from useFetchGif 1`] = `
<Fragment>
  <ul
    className="gif-grid"
  >
    <GridItem
      id="ABC"
      key="ABC"
      title="Mi Busqueda"
      url="https://direccion.img.jpg"
    />
    <GridItem
      id="DEF"
      key="DEF"
      title="Mi Segunda Busqueda"
      url="https://direccion.img2.jpg"
    />
  </ul>
</Fragment>
`;
